Próba przeprowadzenia operacji, wykonywanej przez gniazdo, na nieosiągalnym hoście. [::ffff:192.168.1.188]:502
   at System.Net.Sockets.Socket.DoConnect(EndPoint endPointSnapshot, SocketAddress socketAddress)
   at System.Net.Sockets.Socket.Connect(EndPoint remoteEP)
   at System.Net.Sockets.Socket.Connect(String host, Int32 port)
   at System.Net.Sockets.TcpClient.Connect(String hostname, Int32 port)
   at System.Net.Sockets.TcpClient..ctor(String hostname, Int32 port)
   at NazcaWeb.Models.IRD.InitializeCommandsAsync() in C:\Users\dawid\source\repos\Nazca\NazcaWeb\Models\IRD.cs:line 25
Próba połączenia nie powiodła się, ponieważ połączona strona nie odpowiedziała poprawnie po ustalonym okresie czasu lub utworzone połączenie nie powiodło się, ponieważ połączony host nie odpowiedział. [::ffff:192.168.1.188]:502
   at System.Net.Sockets.Socket.DoConnect(EndPoint endPointSnapshot, SocketAddress socketAddress)
   at System.Net.Sockets.Socket.Connect(EndPoint remoteEP)
   at System.Net.Sockets.Socket.Connect(String host, Int32 port)
   at System.Net.Sockets.TcpClient.Connect(String hostname, Int32 port)
   at System.Net.Sockets.TcpClient..ctor(String hostname, Int32 port)
   at NazcaWeb.Models.IRD.InitializeCommandsAsync() in C:\Users\Teb-tech\Desktop\NazcaWeb\Models\IRD.cs:line 25
